d:\desarrollos\abdsynths\abdjunio601\build_supersix\abdsimplejuno106.dir\release\juce_graphics_sheenbidi.obj
d:\desarrollos\abdsynths\abdjunio601\build_supersix\abdsimplejuno106.dir\release\junosysexengine.obj
d:\desarrollos\abdsynths\abdjunio601\build_supersix\abdsimplejuno106.dir\release\talimporter.obj
d:\desarrollos\abdsynths\abdjunio601\build_supersix\abdsimplejuno106.dir\release\junodco.obj
d:\desarrollos\abdsynths\abdjunio601\build_supersix\abdsimplejuno106.dir\release\junobender.obj
d:\desarrollos\abdsynths\abdjunio601\build_supersix\abdsimplejuno106.dir\release\juce_graphics.obj
d:\desarrollos\abdsynths\abdjunio601\build_supersix\abdsimplejuno106.dir\release\servicemodemanager.obj
d:\desarrollos\abdsynths\abdjunio601\build_supersix\abdsimplejuno106.dir\release\junoformatconverter.obj
d:\desarrollos\abdsynths\abdjunio601\build_supersix\abdsimplejuno106.dir\release\bridgeactions.obj
d:\desarrollos\abdsynths\abdjunio601\build_supersix\abdsimplejuno106.dir\release\chorusbbd.obj
d:\desarrollos\abdsynths\abdjunio601\build_supersix\abdsimplejuno106.dir\release\juce_audio_processors.obj
d:\desarrollos\abdsynths\abdjunio601\build_supersix\abdsimplejuno106.dir\release\juce_audio_formats.obj
d:\desarrollos\abdsynths\abdjunio601\build_supersix\abdsimplejuno106.dir\release\junotests.obj
d:\desarrollos\abdsynths\abdjunio601\build_supersix\abdsimplejuno106.dir\release\processorstate.obj
d:\desarrollos\abdsynths\abdjunio601\build_supersix\abdsimplejuno106.dir\release\bridgeservice.obj
d:\desarrollos\abdsynths\abdjunio601\build_supersix\abdsimplejuno106.dir\release\junolfo.obj
d:\desarrollos\abdsynths\abdjunio601\build_supersix\abdsimplejuno106.dir\release\presetbrowser.obj
d:\desarrollos\abdsynths\abdjunio601\build_supersix\abdsimplejuno106.dir\release\juce_graphics_harfbuzz.obj
d:\desarrollos\abdsynths\abdjunio601\build_supersix\abdsimplejuno106.dir\release\presetmanager.obj
d:\desarrollos\abdsynths\abdjunio601\build_supersix\abdsimplejuno106.dir\release\processorsysex.obj
d:\desarrollos\abdsynths\abdjunio601\build_supersix\abdsimplejuno106.dir\release\junocsvimporter.obj
d:\desarrollos\abdsynths\abdjunio601\build_supersix\abdsimplejuno106.dir\release\plugineditor.obj
d:\desarrollos\abdsynths\abdjunio601\build_supersix\abdsimplejuno106.dir\release\juce_gui_extra.obj
d:\desarrollos\abdsynths\abdjunio601\build_supersix\abdsimplejuno106.dir\release\juce_audio_devices.obj
d:\desarrollos\abdsynths\abdjunio601\build_supersix\abdsimplejuno106.dir\release\calibrationsettings.obj
d:\desarrollos\abdsynths\abdjunio601\build_supersix\abdsimplejuno106.dir\release\processorpresets.obj
d:\desarrollos\abdsynths\abdjunio601\build_supersix\abdsimplejuno106.dir\release\bridgeimport.obj
d:\desarrollos\abdsynths\abdjunio601\build_supersix\abdsimplejuno106.dir\release\junotapeecho.obj
d:\desarrollos\abdsynths\abdjunio601\build_supersix\abdsimplejuno106.dir\release\juce_gui_basics.obj
d:\desarrollos\abdsynths\abdjunio601\build_supersix\abdsimplejuno106.dir\release\junovoicemanager.obj
d:\desarrollos\abdsynths\abdjunio601\build_supersix\abdsimplejuno106.dir\release\junosyseximporter.obj
d:\desarrollos\abdsynths\abdjunio601\build_supersix\abdsimplejuno106.dir\release\junoadsr.obj
d:\desarrollos\abdsynths\abdjunio601\build_supersix\abdsimplejuno106.dir\release\junovcf.obj
d:\desarrollos\abdsynths\abdjunio601\build_supersix\abdsimplejuno106.dir\release\junobanksection.obj
d:\desarrollos\abdsynths\abdjunio601\build_supersix\abdsimplejuno106.dir\release\juce_audio_processors_headless.obj
d:\desarrollos\abdsynths\abdjunio601\build_supersix\abdsimplejuno106.dir\release\juce_dsp.obj
d:\desarrollos\abdsynths\abdjunio601\build_supersix\abdsimplejuno106.dir\release\performancestate.obj
d:\desarrollos\abdsynths\abdjunio601\build_supersix\abdsimplejuno106.dir\release\processormisc.obj
d:\desarrollos\abdsynths\abdjunio601\build_supersix\abdsimplejuno106.dir\release\bridgemenu.obj
d:\desarrollos\abdsynths\abdjunio601\build_supersix\abdsimplejuno106.dir\release\presetbrowserheaderbar.obj
d:\desarrollos\abdsynths\abdjunio601\build_supersix\abdsimplejuno106.dir\release\juce_events.obj
d:\desarrollos\abdsynths\abdjunio601\build_supersix\abdsimplejuno106.dir\release\juce_core_compilationtime.obj
d:\desarrollos\abdsynths\abdjunio601\build_supersix\abdsimplejuno106.dir\release\juce_data_structures.obj
d:\desarrollos\abdsynths\abdjunio601\build_supersix\abdsimplejuno106.dir\release\juce_audio_processors_headless_ara.obj
d:\desarrollos\abdsynths\abdjunio601\build_supersix\abdsimplejuno106.dir\release\juce_audio_basics.obj
d:\desarrollos\abdsynths\abdjunio601\build_supersix\abdsimplejuno106.dir\release\pluginprocessor.obj
d:\desarrollos\abdsynths\abdjunio601\build_supersix\abdsimplejuno106.dir\release\junotapeimporter.obj
d:\desarrollos\abdsynths\abdjunio601\build_supersix\abdsimplejuno106.dir\release\webvieweditor.obj
d:\desarrollos\abdsynths\abdjunio601\build_supersix\abdsimplejuno106.dir\release\junovoice.obj
d:\desarrollos\abdsynths\abdjunio601\build_supersix\abdsimplejuno106.dir\release\junosysexdisplay.obj
d:\desarrollos\abdsynths\abdjunio601\build_supersix\abdsimplejuno106.dir\release\juce_core.obj
d:\desarrollos\abdsynths\abdjunio601\build_supersix\abdsimplejuno106.dir\release\juce_audio_processors_headless_lv2_libs.obj
d:\desarrollos\abdsynths\abdjunio601\build_supersix\abdsimplejuno106.dir\release\juce_audio_utils.obj
d:\desarrollos\abdsynths\abdjunio601\build_supersix\abdsimplejuno106_artefacts\jucelibrarycode\juceheader.h
d:\desarrollos\abdsynths\abdjunio601\build_supersix\cmakefiles\generate.stamp
d:\desarrollos\abdsynths\abdjunio601\build_supersix\abdsimplejuno106_artefacts\release\abd junio super six_sharedcode.lib
d:\desarrollos\abdsynths\abdjunio601\build_supersix\abdsimplejuno106.dir\release\abdsimplejuno106.tlog\cl.command.1.tlog
d:\desarrollos\abdsynths\abdjunio601\build_supersix\abdsimplejuno106.dir\release\abdsimplejuno106.tlog\cl.items.tlog
d:\desarrollos\abdsynths\abdjunio601\build_supersix\abdsimplejuno106.dir\release\abdsimplejuno106.tlog\cl.read.1.tlog
d:\desarrollos\abdsynths\abdjunio601\build_supersix\abdsimplejuno106.dir\release\abdsimplejuno106.tlog\cl.write.1.tlog
d:\desarrollos\abdsynths\abdjunio601\build_supersix\abdsimplejuno106.dir\release\abdsimplejuno106.tlog\custombuild.command.1.tlog
d:\desarrollos\abdsynths\abdjunio601\build_supersix\abdsimplejuno106.dir\release\abdsimplejuno106.tlog\custombuild.read.1.tlog
d:\desarrollos\abdsynths\abdjunio601\build_supersix\abdsimplejuno106.dir\release\abdsimplejuno106.tlog\custombuild.write.1.tlog
d:\desarrollos\abdsynths\abdjunio601\build_supersix\abdsimplejuno106.dir\release\abdsimplejuno106.tlog\lib-link.read.1.tlog
d:\desarrollos\abdsynths\abdjunio601\build_supersix\abdsimplejuno106.dir\release\abdsimplejuno106.tlog\lib-link.write.1.tlog
d:\desarrollos\abdsynths\abdjunio601\build_supersix\abdsimplejuno106.dir\release\abdsimplejuno106.tlog\lib.command.1.tlog
