d:\desarrollos\abdsynths\abdjunio601\build_supersix\abdsimplejuno106_webui.dir\release\binarydata20.obj
d:\desarrollos\abdsynths\abdjunio601\build_supersix\abdsimplejuno106_webui.dir\release\binarydata19.obj
d:\desarrollos\abdsynths\abdjunio601\build_supersix\abdsimplejuno106_webui.dir\release\binarydata18.obj
d:\desarrollos\abdsynths\abdjunio601\build_supersix\abdsimplejuno106_webui.dir\release\binarydata17.obj
d:\desarrollos\abdsynths\abdjunio601\build_supersix\abdsimplejuno106_webui.dir\release\binarydata16.obj
d:\desarrollos\abdsynths\abdjunio601\build_supersix\abdsimplejuno106_webui.dir\release\binarydata15.obj
d:\desarrollos\abdsynths\abdjunio601\build_supersix\abdsimplejuno106_webui.dir\release\binarydata14.obj
d:\desarrollos\abdsynths\abdjunio601\build_supersix\abdsimplejuno106_webui.dir\release\binarydata13.obj
d:\desarrollos\abdsynths\abdjunio601\build_supersix\abdsimplejuno106_webui.dir\release\binarydata12.obj
d:\desarrollos\abdsynths\abdjunio601\build_supersix\abdsimplejuno106_webui.dir\release\binarydata11.obj
d:\desarrollos\abdsynths\abdjunio601\build_supersix\abdsimplejuno106_webui.dir\release\binarydata10.obj
d:\desarrollos\abdsynths\abdjunio601\build_supersix\abdsimplejuno106_webui.dir\release\binarydata9.obj
d:\desarrollos\abdsynths\abdjunio601\build_supersix\abdsimplejuno106_webui.dir\release\binarydata8.obj
d:\desarrollos\abdsynths\abdjunio601\build_supersix\abdsimplejuno106_webui.dir\release\binarydata7.obj
d:\desarrollos\abdsynths\abdjunio601\build_supersix\abdsimplejuno106_webui.dir\release\binarydata6.obj
d:\desarrollos\abdsynths\abdjunio601\build_supersix\abdsimplejuno106_webui.dir\release\binarydata5.obj
d:\desarrollos\abdsynths\abdjunio601\build_supersix\abdsimplejuno106_webui.dir\release\binarydata4.obj
d:\desarrollos\abdsynths\abdjunio601\build_supersix\abdsimplejuno106_webui.dir\release\binarydata3.obj
d:\desarrollos\abdsynths\abdjunio601\build_supersix\abdsimplejuno106_webui.dir\release\binarydata2.obj
d:\desarrollos\abdsynths\abdjunio601\build_supersix\abdsimplejuno106_webui.dir\release\binarydata1.obj
d:\desarrollos\abdsynths\abdjunio601\build_supersix\abdsimplejuno106_webui.dir\release\binarydata40.obj
d:\desarrollos\abdsynths\abdjunio601\build_supersix\abdsimplejuno106_webui.dir\release\binarydata39.obj
d:\desarrollos\abdsynths\abdjunio601\build_supersix\abdsimplejuno106_webui.dir\release\binarydata38.obj
d:\desarrollos\abdsynths\abdjunio601\build_supersix\abdsimplejuno106_webui.dir\release\binarydata37.obj
d:\desarrollos\abdsynths\abdjunio601\build_supersix\abdsimplejuno106_webui.dir\release\binarydata36.obj
d:\desarrollos\abdsynths\abdjunio601\build_supersix\abdsimplejuno106_webui.dir\release\binarydata35.obj
d:\desarrollos\abdsynths\abdjunio601\build_supersix\abdsimplejuno106_webui.dir\release\binarydata34.obj
d:\desarrollos\abdsynths\abdjunio601\build_supersix\abdsimplejuno106_webui.dir\release\binarydata33.obj
d:\desarrollos\abdsynths\abdjunio601\build_supersix\abdsimplejuno106_webui.dir\release\binarydata32.obj
d:\desarrollos\abdsynths\abdjunio601\build_supersix\abdsimplejuno106_webui.dir\release\binarydata31.obj
d:\desarrollos\abdsynths\abdjunio601\build_supersix\abdsimplejuno106_webui.dir\release\binarydata30.obj
d:\desarrollos\abdsynths\abdjunio601\build_supersix\abdsimplejuno106_webui.dir\release\binarydata29.obj
d:\desarrollos\abdsynths\abdjunio601\build_supersix\abdsimplejuno106_webui.dir\release\binarydata28.obj
d:\desarrollos\abdsynths\abdjunio601\build_supersix\abdsimplejuno106_webui.dir\release\binarydata27.obj
d:\desarrollos\abdsynths\abdjunio601\build_supersix\abdsimplejuno106_webui.dir\release\binarydata26.obj
d:\desarrollos\abdsynths\abdjunio601\build_supersix\abdsimplejuno106_webui.dir\release\binarydata25.obj
d:\desarrollos\abdsynths\abdjunio601\build_supersix\abdsimplejuno106_webui.dir\release\binarydata24.obj
d:\desarrollos\abdsynths\abdjunio601\build_supersix\abdsimplejuno106_webui.dir\release\binarydata23.obj
d:\desarrollos\abdsynths\abdjunio601\build_supersix\abdsimplejuno106_webui.dir\release\binarydata22.obj
d:\desarrollos\abdsynths\abdjunio601\build_supersix\abdsimplejuno106_webui.dir\release\binarydata21.obj
d:\desarrollos\abdsynths\abdjunio601\build_supersix\abdsimplejuno106_webui.dir\release\binarydata60.obj
d:\desarrollos\abdsynths\abdjunio601\build_supersix\abdsimplejuno106_webui.dir\release\binarydata59.obj
d:\desarrollos\abdsynths\abdjunio601\build_supersix\abdsimplejuno106_webui.dir\release\binarydata58.obj
d:\desarrollos\abdsynths\abdjunio601\build_supersix\abdsimplejuno106_webui.dir\release\binarydata57.obj
d:\desarrollos\abdsynths\abdjunio601\build_supersix\abdsimplejuno106_webui.dir\release\binarydata56.obj
d:\desarrollos\abdsynths\abdjunio601\build_supersix\abdsimplejuno106_webui.dir\release\binarydata55.obj
d:\desarrollos\abdsynths\abdjunio601\build_supersix\abdsimplejuno106_webui.dir\release\binarydata54.obj
d:\desarrollos\abdsynths\abdjunio601\build_supersix\abdsimplejuno106_webui.dir\release\binarydata53.obj
d:\desarrollos\abdsynths\abdjunio601\build_supersix\abdsimplejuno106_webui.dir\release\binarydata52.obj
d:\desarrollos\abdsynths\abdjunio601\build_supersix\abdsimplejuno106_webui.dir\release\binarydata51.obj
d:\desarrollos\abdsynths\abdjunio601\build_supersix\abdsimplejuno106_webui.dir\release\binarydata50.obj
d:\desarrollos\abdsynths\abdjunio601\build_supersix\abdsimplejuno106_webui.dir\release\binarydata49.obj
d:\desarrollos\abdsynths\abdjunio601\build_supersix\abdsimplejuno106_webui.dir\release\binarydata48.obj
d:\desarrollos\abdsynths\abdjunio601\build_supersix\abdsimplejuno106_webui.dir\release\binarydata47.obj
d:\desarrollos\abdsynths\abdjunio601\build_supersix\abdsimplejuno106_webui.dir\release\binarydata46.obj
d:\desarrollos\abdsynths\abdjunio601\build_supersix\abdsimplejuno106_webui.dir\release\binarydata45.obj
d:\desarrollos\abdsynths\abdjunio601\build_supersix\abdsimplejuno106_webui.dir\release\binarydata44.obj
d:\desarrollos\abdsynths\abdjunio601\build_supersix\abdsimplejuno106_webui.dir\release\binarydata43.obj
d:\desarrollos\abdsynths\abdjunio601\build_supersix\abdsimplejuno106_webui.dir\release\binarydata42.obj
d:\desarrollos\abdsynths\abdjunio601\build_supersix\abdsimplejuno106_webui.dir\release\binarydata41.obj
d:\desarrollos\abdsynths\abdjunio601\build_supersix\abdsimplejuno106_webui.dir\release\binarydata80.obj
d:\desarrollos\abdsynths\abdjunio601\build_supersix\abdsimplejuno106_webui.dir\release\binarydata79.obj
d:\desarrollos\abdsynths\abdjunio601\build_supersix\abdsimplejuno106_webui.dir\release\binarydata78.obj
d:\desarrollos\abdsynths\abdjunio601\build_supersix\abdsimplejuno106_webui.dir\release\binarydata77.obj
d:\desarrollos\abdsynths\abdjunio601\build_supersix\abdsimplejuno106_webui.dir\release\binarydata76.obj
d:\desarrollos\abdsynths\abdjunio601\build_supersix\abdsimplejuno106_webui.dir\release\binarydata75.obj
d:\desarrollos\abdsynths\abdjunio601\build_supersix\abdsimplejuno106_webui.dir\release\binarydata74.obj
d:\desarrollos\abdsynths\abdjunio601\build_supersix\abdsimplejuno106_webui.dir\release\binarydata73.obj
d:\desarrollos\abdsynths\abdjunio601\build_supersix\abdsimplejuno106_webui.dir\release\binarydata72.obj
d:\desarrollos\abdsynths\abdjunio601\build_supersix\abdsimplejuno106_webui.dir\release\binarydata71.obj
d:\desarrollos\abdsynths\abdjunio601\build_supersix\abdsimplejuno106_webui.dir\release\binarydata70.obj
d:\desarrollos\abdsynths\abdjunio601\build_supersix\abdsimplejuno106_webui.dir\release\binarydata69.obj
d:\desarrollos\abdsynths\abdjunio601\build_supersix\abdsimplejuno106_webui.dir\release\binarydata68.obj
d:\desarrollos\abdsynths\abdjunio601\build_supersix\abdsimplejuno106_webui.dir\release\binarydata67.obj
d:\desarrollos\abdsynths\abdjunio601\build_supersix\abdsimplejuno106_webui.dir\release\binarydata66.obj
d:\desarrollos\abdsynths\abdjunio601\build_supersix\abdsimplejuno106_webui.dir\release\binarydata65.obj
d:\desarrollos\abdsynths\abdjunio601\build_supersix\abdsimplejuno106_webui.dir\release\binarydata64.obj
d:\desarrollos\abdsynths\abdjunio601\build_supersix\abdsimplejuno106_webui.dir\release\binarydata63.obj
d:\desarrollos\abdsynths\abdjunio601\build_supersix\abdsimplejuno106_webui.dir\release\binarydata62.obj
d:\desarrollos\abdsynths\abdjunio601\build_supersix\abdsimplejuno106_webui.dir\release\binarydata61.obj
d:\desarrollos\abdsynths\abdjunio601\build_supersix\abdsimplejuno106_webui.dir\release\binarydata95.obj
d:\desarrollos\abdsynths\abdjunio601\build_supersix\abdsimplejuno106_webui.dir\release\binarydata94.obj
d:\desarrollos\abdsynths\abdjunio601\build_supersix\abdsimplejuno106_webui.dir\release\binarydata93.obj
d:\desarrollos\abdsynths\abdjunio601\build_supersix\abdsimplejuno106_webui.dir\release\binarydata92.obj
d:\desarrollos\abdsynths\abdjunio601\build_supersix\abdsimplejuno106_webui.dir\release\binarydata91.obj
d:\desarrollos\abdsynths\abdjunio601\build_supersix\abdsimplejuno106_webui.dir\release\binarydata90.obj
d:\desarrollos\abdsynths\abdjunio601\build_supersix\abdsimplejuno106_webui.dir\release\binarydata89.obj
d:\desarrollos\abdsynths\abdjunio601\build_supersix\abdsimplejuno106_webui.dir\release\binarydata88.obj
d:\desarrollos\abdsynths\abdjunio601\build_supersix\abdsimplejuno106_webui.dir\release\binarydata87.obj
d:\desarrollos\abdsynths\abdjunio601\build_supersix\abdsimplejuno106_webui.dir\release\binarydata86.obj
d:\desarrollos\abdsynths\abdjunio601\build_supersix\abdsimplejuno106_webui.dir\release\binarydata85.obj
d:\desarrollos\abdsynths\abdjunio601\build_supersix\abdsimplejuno106_webui.dir\release\binarydata84.obj
d:\desarrollos\abdsynths\abdjunio601\build_supersix\abdsimplejuno106_webui.dir\release\binarydata83.obj
d:\desarrollos\abdsynths\abdjunio601\build_supersix\abdsimplejuno106_webui.dir\release\binarydata82.obj
d:\desarrollos\abdsynths\abdjunio601\build_supersix\abdsimplejuno106_webui.dir\release\binarydata81.obj
d:\desarrollos\abdsynths\abdjunio601\build_supersix\juce_binarydata_abdsimplejuno106_webui\jucelibrarycode\binarydata1.cpp
d:\desarrollos\abdsynths\abdjunio601\build_supersix\juce_binarydata_abdsimplejuno106_webui\jucelibrarycode\binarydata2.cpp
d:\desarrollos\abdsynths\abdjunio601\build_supersix\juce_binarydata_abdsimplejuno106_webui\jucelibrarycode\binarydata3.cpp
d:\desarrollos\abdsynths\abdjunio601\build_supersix\juce_binarydata_abdsimplejuno106_webui\jucelibrarycode\binarydata4.cpp
d:\desarrollos\abdsynths\abdjunio601\build_supersix\juce_binarydata_abdsimplejuno106_webui\jucelibrarycode\binarydata5.cpp
d:\desarrollos\abdsynths\abdjunio601\build_supersix\juce_binarydata_abdsimplejuno106_webui\jucelibrarycode\binarydata6.cpp
d:\desarrollos\abdsynths\abdjunio601\build_supersix\juce_binarydata_abdsimplejuno106_webui\jucelibrarycode\binarydata7.cpp
d:\desarrollos\abdsynths\abdjunio601\build_supersix\juce_binarydata_abdsimplejuno106_webui\jucelibrarycode\binarydata8.cpp
d:\desarrollos\abdsynths\abdjunio601\build_supersix\juce_binarydata_abdsimplejuno106_webui\jucelibrarycode\binarydata9.cpp
d:\desarrollos\abdsynths\abdjunio601\build_supersix\juce_binarydata_abdsimplejuno106_webui\jucelibrarycode\binarydata10.cpp
d:\desarrollos\abdsynths\abdjunio601\build_supersix\juce_binarydata_abdsimplejuno106_webui\jucelibrarycode\binarydata11.cpp
d:\desarrollos\abdsynths\abdjunio601\build_supersix\juce_binarydata_abdsimplejuno106_webui\jucelibrarycode\binarydata12.cpp
d:\desarrollos\abdsynths\abdjunio601\build_supersix\juce_binarydata_abdsimplejuno106_webui\jucelibrarycode\binarydata13.cpp
d:\desarrollos\abdsynths\abdjunio601\build_supersix\juce_binarydata_abdsimplejuno106_webui\jucelibrarycode\binarydata14.cpp
d:\desarrollos\abdsynths\abdjunio601\build_supersix\juce_binarydata_abdsimplejuno106_webui\jucelibrarycode\binarydata15.cpp
d:\desarrollos\abdsynths\abdjunio601\build_supersix\juce_binarydata_abdsimplejuno106_webui\jucelibrarycode\binarydata16.cpp
d:\desarrollos\abdsynths\abdjunio601\build_supersix\juce_binarydata_abdsimplejuno106_webui\jucelibrarycode\binarydata17.cpp
d:\desarrollos\abdsynths\abdjunio601\build_supersix\juce_binarydata_abdsimplejuno106_webui\jucelibrarycode\binarydata18.cpp
d:\desarrollos\abdsynths\abdjunio601\build_supersix\juce_binarydata_abdsimplejuno106_webui\jucelibrarycode\binarydata19.cpp
d:\desarrollos\abdsynths\abdjunio601\build_supersix\juce_binarydata_abdsimplejuno106_webui\jucelibrarycode\binarydata20.cpp
d:\desarrollos\abdsynths\abdjunio601\build_supersix\juce_binarydata_abdsimplejuno106_webui\jucelibrarycode\binarydata21.cpp
d:\desarrollos\abdsynths\abdjunio601\build_supersix\juce_binarydata_abdsimplejuno106_webui\jucelibrarycode\binarydata22.cpp
d:\desarrollos\abdsynths\abdjunio601\build_supersix\juce_binarydata_abdsimplejuno106_webui\jucelibrarycode\binarydata23.cpp
d:\desarrollos\abdsynths\abdjunio601\build_supersix\juce_binarydata_abdsimplejuno106_webui\jucelibrarycode\binarydata24.cpp
d:\desarrollos\abdsynths\abdjunio601\build_supersix\juce_binarydata_abdsimplejuno106_webui\jucelibrarycode\binarydata25.cpp
d:\desarrollos\abdsynths\abdjunio601\build_supersix\juce_binarydata_abdsimplejuno106_webui\jucelibrarycode\binarydata26.cpp
d:\desarrollos\abdsynths\abdjunio601\build_supersix\juce_binarydata_abdsimplejuno106_webui\jucelibrarycode\binarydata27.cpp
d:\desarrollos\abdsynths\abdjunio601\build_supersix\juce_binarydata_abdsimplejuno106_webui\jucelibrarycode\binarydata28.cpp
d:\desarrollos\abdsynths\abdjunio601\build_supersix\juce_binarydata_abdsimplejuno106_webui\jucelibrarycode\binarydata29.cpp
d:\desarrollos\abdsynths\abdjunio601\build_supersix\juce_binarydata_abdsimplejuno106_webui\jucelibrarycode\binarydata30.cpp
d:\desarrollos\abdsynths\abdjunio601\build_supersix\juce_binarydata_abdsimplejuno106_webui\jucelibrarycode\binarydata31.cpp
d:\desarrollos\abdsynths\abdjunio601\build_supersix\juce_binarydata_abdsimplejuno106_webui\jucelibrarycode\binarydata32.cpp
d:\desarrollos\abdsynths\abdjunio601\build_supersix\juce_binarydata_abdsimplejuno106_webui\jucelibrarycode\binarydata33.cpp
d:\desarrollos\abdsynths\abdjunio601\build_supersix\juce_binarydata_abdsimplejuno106_webui\jucelibrarycode\binarydata34.cpp
d:\desarrollos\abdsynths\abdjunio601\build_supersix\juce_binarydata_abdsimplejuno106_webui\jucelibrarycode\binarydata35.cpp
d:\desarrollos\abdsynths\abdjunio601\build_supersix\juce_binarydata_abdsimplejuno106_webui\jucelibrarycode\binarydata36.cpp
d:\desarrollos\abdsynths\abdjunio601\build_supersix\juce_binarydata_abdsimplejuno106_webui\jucelibrarycode\binarydata37.cpp
d:\desarrollos\abdsynths\abdjunio601\build_supersix\juce_binarydata_abdsimplejuno106_webui\jucelibrarycode\binarydata38.cpp
d:\desarrollos\abdsynths\abdjunio601\build_supersix\juce_binarydata_abdsimplejuno106_webui\jucelibrarycode\binarydata39.cpp
d:\desarrollos\abdsynths\abdjunio601\build_supersix\juce_binarydata_abdsimplejuno106_webui\jucelibrarycode\binarydata40.cpp
d:\desarrollos\abdsynths\abdjunio601\build_supersix\juce_binarydata_abdsimplejuno106_webui\jucelibrarycode\binarydata41.cpp
d:\desarrollos\abdsynths\abdjunio601\build_supersix\juce_binarydata_abdsimplejuno106_webui\jucelibrarycode\binarydata42.cpp
d:\desarrollos\abdsynths\abdjunio601\build_supersix\juce_binarydata_abdsimplejuno106_webui\jucelibrarycode\binarydata43.cpp
d:\desarrollos\abdsynths\abdjunio601\build_supersix\juce_binarydata_abdsimplejuno106_webui\jucelibrarycode\binarydata44.cpp
d:\desarrollos\abdsynths\abdjunio601\build_supersix\juce_binarydata_abdsimplejuno106_webui\jucelibrarycode\binarydata45.cpp
d:\desarrollos\abdsynths\abdjunio601\build_supersix\juce_binarydata_abdsimplejuno106_webui\jucelibrarycode\binarydata46.cpp
d:\desarrollos\abdsynths\abdjunio601\build_supersix\juce_binarydata_abdsimplejuno106_webui\jucelibrarycode\binarydata47.cpp
d:\desarrollos\abdsynths\abdjunio601\build_supersix\juce_binarydata_abdsimplejuno106_webui\jucelibrarycode\binarydata48.cpp
d:\desarrollos\abdsynths\abdjunio601\build_supersix\juce_binarydata_abdsimplejuno106_webui\jucelibrarycode\binarydata49.cpp
d:\desarrollos\abdsynths\abdjunio601\build_supersix\juce_binarydata_abdsimplejuno106_webui\jucelibrarycode\binarydata50.cpp
d:\desarrollos\abdsynths\abdjunio601\build_supersix\juce_binarydata_abdsimplejuno106_webui\jucelibrarycode\binarydata51.cpp
d:\desarrollos\abdsynths\abdjunio601\build_supersix\juce_binarydata_abdsimplejuno106_webui\jucelibrarycode\binarydata52.cpp
d:\desarrollos\abdsynths\abdjunio601\build_supersix\juce_binarydata_abdsimplejuno106_webui\jucelibrarycode\binarydata53.cpp
d:\desarrollos\abdsynths\abdjunio601\build_supersix\juce_binarydata_abdsimplejuno106_webui\jucelibrarycode\binarydata54.cpp
d:\desarrollos\abdsynths\abdjunio601\build_supersix\juce_binarydata_abdsimplejuno106_webui\jucelibrarycode\binarydata55.cpp
d:\desarrollos\abdsynths\abdjunio601\build_supersix\juce_binarydata_abdsimplejuno106_webui\jucelibrarycode\binarydata56.cpp
d:\desarrollos\abdsynths\abdjunio601\build_supersix\juce_binarydata_abdsimplejuno106_webui\jucelibrarycode\binarydata57.cpp
d:\desarrollos\abdsynths\abdjunio601\build_supersix\juce_binarydata_abdsimplejuno106_webui\jucelibrarycode\binarydata58.cpp
d:\desarrollos\abdsynths\abdjunio601\build_supersix\juce_binarydata_abdsimplejuno106_webui\jucelibrarycode\binarydata59.cpp
d:\desarrollos\abdsynths\abdjunio601\build_supersix\juce_binarydata_abdsimplejuno106_webui\jucelibrarycode\binarydata60.cpp
d:\desarrollos\abdsynths\abdjunio601\build_supersix\juce_binarydata_abdsimplejuno106_webui\jucelibrarycode\binarydata61.cpp
d:\desarrollos\abdsynths\abdjunio601\build_supersix\juce_binarydata_abdsimplejuno106_webui\jucelibrarycode\binarydata62.cpp
d:\desarrollos\abdsynths\abdjunio601\build_supersix\juce_binarydata_abdsimplejuno106_webui\jucelibrarycode\binarydata63.cpp
d:\desarrollos\abdsynths\abdjunio601\build_supersix\juce_binarydata_abdsimplejuno106_webui\jucelibrarycode\binarydata64.cpp
d:\desarrollos\abdsynths\abdjunio601\build_supersix\juce_binarydata_abdsimplejuno106_webui\jucelibrarycode\binarydata65.cpp
d:\desarrollos\abdsynths\abdjunio601\build_supersix\juce_binarydata_abdsimplejuno106_webui\jucelibrarycode\binarydata66.cpp
d:\desarrollos\abdsynths\abdjunio601\build_supersix\juce_binarydata_abdsimplejuno106_webui\jucelibrarycode\binarydata67.cpp
d:\desarrollos\abdsynths\abdjunio601\build_supersix\juce_binarydata_abdsimplejuno106_webui\jucelibrarycode\binarydata68.cpp
d:\desarrollos\abdsynths\abdjunio601\build_supersix\juce_binarydata_abdsimplejuno106_webui\jucelibrarycode\binarydata69.cpp
d:\desarrollos\abdsynths\abdjunio601\build_supersix\juce_binarydata_abdsimplejuno106_webui\jucelibrarycode\binarydata70.cpp
d:\desarrollos\abdsynths\abdjunio601\build_supersix\juce_binarydata_abdsimplejuno106_webui\jucelibrarycode\binarydata71.cpp
d:\desarrollos\abdsynths\abdjunio601\build_supersix\juce_binarydata_abdsimplejuno106_webui\jucelibrarycode\binarydata72.cpp
d:\desarrollos\abdsynths\abdjunio601\build_supersix\juce_binarydata_abdsimplejuno106_webui\jucelibrarycode\binarydata73.cpp
d:\desarrollos\abdsynths\abdjunio601\build_supersix\juce_binarydata_abdsimplejuno106_webui\jucelibrarycode\binarydata74.cpp
d:\desarrollos\abdsynths\abdjunio601\build_supersix\juce_binarydata_abdsimplejuno106_webui\jucelibrarycode\binarydata75.cpp
d:\desarrollos\abdsynths\abdjunio601\build_supersix\juce_binarydata_abdsimplejuno106_webui\jucelibrarycode\binarydata76.cpp
d:\desarrollos\abdsynths\abdjunio601\build_supersix\juce_binarydata_abdsimplejuno106_webui\jucelibrarycode\binarydata77.cpp
d:\desarrollos\abdsynths\abdjunio601\build_supersix\juce_binarydata_abdsimplejuno106_webui\jucelibrarycode\binarydata78.cpp
d:\desarrollos\abdsynths\abdjunio601\build_supersix\juce_binarydata_abdsimplejuno106_webui\jucelibrarycode\binarydata79.cpp
d:\desarrollos\abdsynths\abdjunio601\build_supersix\juce_binarydata_abdsimplejuno106_webui\jucelibrarycode\binarydata80.cpp
d:\desarrollos\abdsynths\abdjunio601\build_supersix\juce_binarydata_abdsimplejuno106_webui\jucelibrarycode\binarydata81.cpp
d:\desarrollos\abdsynths\abdjunio601\build_supersix\juce_binarydata_abdsimplejuno106_webui\jucelibrarycode\binarydata82.cpp
d:\desarrollos\abdsynths\abdjunio601\build_supersix\juce_binarydata_abdsimplejuno106_webui\jucelibrarycode\binarydata83.cpp
d:\desarrollos\abdsynths\abdjunio601\build_supersix\juce_binarydata_abdsimplejuno106_webui\jucelibrarycode\binarydata84.cpp
d:\desarrollos\abdsynths\abdjunio601\build_supersix\juce_binarydata_abdsimplejuno106_webui\jucelibrarycode\binarydata85.cpp
d:\desarrollos\abdsynths\abdjunio601\build_supersix\juce_binarydata_abdsimplejuno106_webui\jucelibrarycode\binarydata86.cpp
d:\desarrollos\abdsynths\abdjunio601\build_supersix\juce_binarydata_abdsimplejuno106_webui\jucelibrarycode\binarydata87.cpp
d:\desarrollos\abdsynths\abdjunio601\build_supersix\juce_binarydata_abdsimplejuno106_webui\jucelibrarycode\binarydata88.cpp
d:\desarrollos\abdsynths\abdjunio601\build_supersix\juce_binarydata_abdsimplejuno106_webui\jucelibrarycode\binarydata89.cpp
d:\desarrollos\abdsynths\abdjunio601\build_supersix\juce_binarydata_abdsimplejuno106_webui\jucelibrarycode\binarydata90.cpp
d:\desarrollos\abdsynths\abdjunio601\build_supersix\juce_binarydata_abdsimplejuno106_webui\jucelibrarycode\binarydata91.cpp
d:\desarrollos\abdsynths\abdjunio601\build_supersix\juce_binarydata_abdsimplejuno106_webui\jucelibrarycode\binarydata92.cpp
d:\desarrollos\abdsynths\abdjunio601\build_supersix\juce_binarydata_abdsimplejuno106_webui\jucelibrarycode\binarydata93.cpp
d:\desarrollos\abdsynths\abdjunio601\build_supersix\juce_binarydata_abdsimplejuno106_webui\jucelibrarycode\binarydata94.cpp
d:\desarrollos\abdsynths\abdjunio601\build_supersix\juce_binarydata_abdsimplejuno106_webui\jucelibrarycode\binarydata95.cpp
d:\desarrollos\abdsynths\abdjunio601\build_supersix\juce_binarydata_abdsimplejuno106_webui\jucelibrarycode\binarydata.h
d:\desarrollos\abdsynths\abdjunio601\build_supersix\cmakefiles\generate.stamp
d:\desarrollos\abdsynths\abdjunio601\build_supersix\release\abdsimplejuno106_webui.lib
d:\desarrollos\abdsynths\abdjunio601\build_supersix\abdsimplejuno106_webui.dir\release\abdsimpl.624170a2.tlog\cl.command.1.tlog
d:\desarrollos\abdsynths\abdjunio601\build_supersix\abdsimplejuno106_webui.dir\release\abdsimpl.624170a2.tlog\cl.items.tlog
d:\desarrollos\abdsynths\abdjunio601\build_supersix\abdsimplejuno106_webui.dir\release\abdsimpl.624170a2.tlog\cl.read.1.tlog
d:\desarrollos\abdsynths\abdjunio601\build_supersix\abdsimplejuno106_webui.dir\release\abdsimpl.624170a2.tlog\cl.write.1.tlog
d:\desarrollos\abdsynths\abdjunio601\build_supersix\abdsimplejuno106_webui.dir\release\abdsimpl.624170a2.tlog\custombuild.command.1.tlog
d:\desarrollos\abdsynths\abdjunio601\build_supersix\abdsimplejuno106_webui.dir\release\abdsimpl.624170a2.tlog\custombuild.read.1.tlog
d:\desarrollos\abdsynths\abdjunio601\build_supersix\abdsimplejuno106_webui.dir\release\abdsimpl.624170a2.tlog\custombuild.write.1.tlog
d:\desarrollos\abdsynths\abdjunio601\build_supersix\abdsimplejuno106_webui.dir\release\abdsimpl.624170a2.tlog\lib-link.read.1.tlog
d:\desarrollos\abdsynths\abdjunio601\build_supersix\abdsimplejuno106_webui.dir\release\abdsimpl.624170a2.tlog\lib-link.write.1.tlog
d:\desarrollos\abdsynths\abdjunio601\build_supersix\abdsimplejuno106_webui.dir\release\abdsimpl.624170a2.tlog\lib.command.1.tlog
